START>>>>:
"The Ultimate Question of Life, the Universe, and Everything is 42."
END>>>>>>:
